---
source: crates/adl-syntax/tests/snapshots.rs
expression: "snapshot_for(\"legacy_parser/tests/golden/vacuous_dphi.adl\")"
---
File
  Object kw=object name=jets @1:1
    Take kw=take src=Jet @2:3
  Object kw=object name=MET @4:1
    Take kw=take src=MissingET @5:3
  Region kw=region name=SR_dead @7:1
    Cut kw=select @8:3
      Cmp op=>
        Call name=dPhi
          Index 0
            Ident jets
          Ident MET
        Num 3.5
  Region kw=region name=SR_any @10:1
    Cut kw=select @11:3
      Cmp op=>
        Dot field=pT
          Ident MET
        Num 100
---- diagnostics ----
