---
source: crates/adl-sema/tests/snapshots.rs
expression: hir_dump(&hir)
---
unit: not_tag.adl
== objects ==
object jets -> C0#jets  (pure rename of C0#jets)
== defines ==
== regions ==
region SR_btag
  select (C0#jets[0].btag == 1)
region SR_nobtag
  select (not (C0#jets[0].btag == 1))
== diagnostics ==
