---
source: crates/adl-analysis/tests/report_rendering.rs
expression: "render(\"legacy_parser/tests/golden/reject_or_band.adl\")"
---
ADL2 analysis report — reject_or_band.adl (solver: <backend>)

== findings ==
  (none)

== regions ==
  region   leaves  exact  note
  SR_band  2/2     yes
  SR_mid   2/2     yes

== pairwise (1 pair, 1 group) ==
  SR_band vs SR_mid: PROVEN OVERLAPPING — cut sets satisfiable together (witness validated by interpreter); subset: SR_mid within SR_band

== axioms used ==
  NNEG×1

summary: 1 pair — 0 proven disjoint, 1 proven overlapping, 0 possibly overlapping, 0 unknown
