---
source: crates/adl-analysis/tests/report_rendering.rs
expression: "render(\"examples/CMS/CMS-SUS-16-033_Delphes.adl\")"
---
ADL2 analysis report — CMS-SUS-16-033_Delphes.adl (solver: <backend>)

== findings ==
  ENCODING GAP 1 region below full encoding: presel
    dropped (line 68): comparison is not linear arithmetic: `sum` reducer value is opaque to linear arithmetic
  ENCODING GAP 1 region below full encoding: SR1
    dropped (line 68): comparison is not linear arithmetic: `sum` reducer value is opaque to linear arithmetic
    dropped (line 83): comparison is not linear arithmetic: `sum` reducer value is opaque to linear arithmetic
  ENCODING GAP 1 region below full encoding: SR2
    dropped (line 68): comparison is not linear arithmetic: `sum` reducer value is opaque to linear arithmetic
    dropped (line 90): comparison is not linear arithmetic: `sum` reducer value is opaque to linear arithmetic
  ENCODING GAP 1 region below full encoding: SR3
    dropped (line 68): comparison is not linear arithmetic: `sum` reducer value is opaque to linear arithmetic
    dropped (line 97): comparison is not linear arithmetic: `sum` reducer value is opaque to linear arithmetic
  ENCODING GAP 1 region below full encoding: SR4
    dropped (line 68): comparison is not linear arithmetic: `sum` reducer value is opaque to linear arithmetic
    dropped (line 104): comparison is not linear arithmetic: `sum` reducer value is opaque to linear arithmetic
  ENCODING GAP 1 region below full encoding: SR5
    dropped (line 68): comparison is not linear arithmetic: `sum` reducer value is opaque to linear arithmetic
    dropped (line 111): comparison is not linear arithmetic: `sum` reducer value is opaque to linear arithmetic
  ENCODING GAP 1 region below full encoding: SR6
    dropped (line 68): comparison is not linear arithmetic: `sum` reducer value is opaque to linear arithmetic
    dropped (line 118): comparison is not linear arithmetic: `sum` reducer value is opaque to linear arithmetic
  ENCODING GAP 1 region below full encoding: SR7
    dropped (line 68): comparison is not linear arithmetic: `sum` reducer value is opaque to linear arithmetic
    dropped (line 125): comparison is not linear arithmetic: `sum` reducer value is opaque to linear arithmetic
  ENCODING GAP 1 region below full encoding: SR8
    dropped (line 68): comparison is not linear arithmetic: `sum` reducer value is opaque to linear arithmetic
    dropped (line 132): comparison is not linear arithmetic: `sum` reducer value is opaque to linear arithmetic
  ENCODING GAP 1 region below full encoding: SR9
    dropped (line 68): comparison is not linear arithmetic: `sum` reducer value is opaque to linear arithmetic
    dropped (line 139): comparison is not linear arithmetic: `sum` reducer value is opaque to linear arithmetic
  ENCODING GAP 1 region below full encoding: SR10
    dropped (line 68): comparison is not linear arithmetic: `sum` reducer value is opaque to linear arithmetic
    dropped (line 146): comparison is not linear arithmetic: `sum` reducer value is opaque to linear arithmetic
  ENCODING GAP 1 region below full encoding: SR11
    dropped (line 68): comparison is not linear arithmetic: `sum` reducer value is opaque to linear arithmetic
    dropped (line 153): comparison is not linear arithmetic: `sum` reducer value is opaque to linear arithmetic
  ENCODING GAP 1 region below full encoding: SR12
    dropped (line 68): comparison is not linear arithmetic: `sum` reducer value is opaque to linear arithmetic
    dropped (line 160): comparison is not linear arithmetic: `sum` reducer value is opaque to linear arithmetic

== regions ==
  region  leaves  exact  note
  presel  16/17   no     drops line 68
  SR1     19/21   no     drops lines 68, 83
  SR2     19/21   no     drops lines 68, 90
  SR3     19/21   no     drops lines 68, 97
  SR4     19/21   no     drops lines 68, 104
  SR5     19/21   no     drops lines 68, 111
  SR6     19/21   no     drops lines 68, 118
  SR7     19/21   no     drops lines 68, 125
  SR8     19/21   no     drops lines 68, 132
  SR9     19/21   no     drops lines 68, 139
  SR10    19/21   no     drops lines 68, 146
  SR11    19/21   no     drops lines 68, 153
  SR12    19/21   no     drops lines 68, 160

== verdict matrix ==
  D disjoint   O overlapping   s subset (overlap)   ? possibly   U unknown   E empty region
   1 presel  ·
   2 SR1     ?  ·
   3 SR2     ?  ?  ·
   4 SR3     ?  ?  ?  ·
   5 SR4     ?  ?  ?  ?  ·
   6 SR5     ?  ?  ?  ?  ?  ·
   7 SR6     ?  D  D  D  D  D  ·
   8 SR7     ?  D  D  D  D  D  ?  ·
   9 SR8     ?  D  D  D  D  D  ?  ?  ·
  10 SR9     ?  D  D  D  D  D  ?  ?  ?  ·
  11 SR10    ?  D  D  D  D  D  ?  ?  ?  ?  ·
  12 SR11    ?  D  D  D  D  D  ?  ?  ?  ?  ?  ·
  13 SR12    ?  D  D  D  D  D  ?  ?  ?  ?  ?  ?  ·
             1  2  3  4  5  6  7  8  9 10 11 12

== pairwise (78 pairs, 4 groups) ==
  43 pairs POSSIBLY OVERLAPPING — an encoding gap blocks both a disjointness and an overlap proof
    presel–SR1, presel–SR2, presel–SR3, presel–SR4, presel–SR5, presel–SR6, presel–SR7, presel–SR8
      presel–SR9, presel–SR10, presel–SR11, presel–SR12, SR1–SR2, SR1–SR3, SR1–SR4, SR1–SR5, SR2–SR3
      SR2–SR4, SR2–SR5, SR3–SR4, SR3–SR5, SR4–SR5, SR6–SR7, SR6–SR8, SR6–SR9, SR6–SR10, SR6–SR11
      SR6–SR12, SR7–SR8, SR7–SR9, SR7–SR10, SR7–SR11, SR7–SR12, SR8–SR9, SR8–SR10, SR8–SR11, SR8–SR12
      SR9–SR10, SR9–SR11, SR9–SR12, SR10–SR11, SR10–SR12, SR11–SR12
  10 pairs PROVEN DISJOINT — size(bjets): [0, 0] vs [2, inf]
    SR1, SR2, SR3, SR4, SR5 vs SR6, SR9
  15 pairs PROVEN DISJOINT — size(bjets): [0, 0] vs [1, inf]
    SR1, SR2, SR3, SR4, SR5 vs SR7, SR11, SR12
  10 pairs PROVEN DISJOINT — size(bjets): [0, 0] vs [3, inf]
    SR1, SR2, SR3, SR4, SR5 vs SR8, SR10

== axioms used ==
  SZ0×7, SUB×4, NNEG×1, DPHI×4
  assuming: take = filter (SUB); both sign conventions (OPEN-2) (DPHI)

summary: 78 pairs — 35 proven disjoint, 0 proven overlapping, 43 possibly overlapping, 0 unknown
