---
source: crates/adl-cli/tests/cli.rs
expression: body
---
ADL2 analysis report — disjoint_pt.adl (solver: none)

== findings ==
  (none)

== regions ==
  region   leaves  exact  note
  SR_low   4/4     yes
  SR_high  2/2     yes

== pairwise (1 pair, 1 group) ==
  SR_low vs SR_high: PROVEN DISJOINT — jets[0].pt: (100, 200) vs (300, inf]

== axioms used ==
  SZ0×2, SUB×1, NNEG×2, EPRED×1, IDOM×1
  assuming: take = filter (SUB, EPRED); ORD + SUB (IDOM)

summary: 1 pair — 1 proven disjoint, 0 proven overlapping, 0 possibly overlapping, 0 unknown
